// Jest Snapshot v1, https://goo.gl/fbAQLP

exports[`appendUrlParams when params is any other type and url does contain a question mark should return the \`toString()\` value of the param and log an error to the console 1`] = `
Array [
  Array [
    "appendUrlParams only works with objects and strings.",
  ],
  Array [
    " Please use \`appendUrlParamsWith\` to create an alternative implementation",
  ],
  Array [
    "called with: ",
    Array [
      "param2",
      "value2",
    ],
  ],
]
`;
